
> mlops_frontend@0.1.0 build
> react-scripts build

Creating an optimized production build...
Compiled with warnings.

Module not found: Error: Can't resolve 'src/pages/demo/metadata' in '/home/vbear/projects/astral/frontend/src/pages/demo'

[eslint] 
src/App.jsx
  Line 3:8:  'TeacherDayTheme' is defined but never used  no-unused-vars
  Line 4:8:  'ChristmasTheme' is defined but never used   no-unused-vars

src/api/axios.js
  Line 4:10:  'message' is defined but never used  no-unused-vars

src/api/deploy.js
  Line 1:24:  'API_URL' is defined but never used  no-unused-vars

src/api/experiment.js
  Line 1:10:  'API_URL' is defined but never used  no-unused-vars

src/api/images.js
  Line 1:19:  'API_BASE_URL' is defined but never used  no-unused-vars

src/api/labelProject.js
  Line 8:7:    'LABEL_STUDIO_URL' is assigned a value but never used  no-unused-vars
  Line 75:11:  'timeoutId' is assigned a value but never used         no-unused-vars

src/api/mlService.js
  Line 1:24:  'API_URL' is defined but never used            no-unused-vars
  Line 5:7:   'proxyURL' is assigned a value but never used  no-unused-vars

src/api/model.js
  Line 1:24:  'API_URL' is defined but never used  no-unused-vars

src/api/model_version.js
  Line 1:24:  'API_URL' is defined but never used                 no-unused-vars
  Line 5:7:   'AGGREGATE_URL' is assigned a value but never used  no-unused-vars

src/api/resource.js
  Line 1:10:  'API_URL' is defined but never used  no-unused-vars

src/api/workspace.js
  Line 143:22:  Function declared in a loop contains unsafe references to variable(s) 'delay'  no-loop-func

src/components/Dataset/View/ImageClassDataView.jsx
  Line 16:21:  'setImageFiles' is assigned a value but never used  no-unused-vars

src/components/Dataset/View/MultilabelImgClassDataView.jsx
  Line 24:2:  'ZoomInOutlined' is defined but never used  no-unused-vars

src/components/Dataset/View/MultimodalClassDataView.jsx
  Line 14:20:  'setIsLoading' is assigned a value but never used  no-unused-vars

src/components/LabelProjectPollingManager.jsx
  Line 30:9:  'refreshDatasets' is assigned a value but never used       no-unused-vars
  Line 39:9:  'refreshLabelProjects' is assigned a value but never used  no-unused-vars

src/components/LineGraph.jsx
  Line 8:2:  'Legend' is defined but never used  no-unused-vars

src/components/LiveInfer/TextLiveInfer.jsx
  Line 18:2:   'CloudUploadOutlined' is defined but never used        no-unused-vars
  Line 62:20:  'setUploading' is assigned a value but never used      no-unused-vars
  Line 74:8:   'cancel' is assigned a value but never used            no-unused-vars
  Line 177:8:  'cancelHeaderEdit' is assigned a value but never used  no-unused-vars

src/components/Pager.jsx
  Line 77:11:  'pages' is assigned a value but never used  no-unused-vars

src/components/Predict/ImagePredict.jsx
  Line 2:23:   'useNavigate' is defined but never used                                                                                                          no-unused-vars
  Line 103:5:  React Hook useEffect has missing dependencies: 'explainImageUrl.length' and 'predictResult'. Either include them or remove the dependency array  react-hooks/exhaustive-deps

src/components/Predict/MultiLabelImgPredict.jsx
  Line 13:2:   'Statistic' is defined but never used                                                                                      no-unused-vars
  Line 23:2:   'QuestionCircleOutlined' is defined but never used                                                                         no-unused-vars
  Line 31:13:  'experimentAPI' is defined but never used                                                                                  no-unused-vars
  Line 172:5:  React Hook useEffect has a missing dependency: 'explainImageUrl.length'. Either include it or remove the dependency array  react-hooks/exhaustive-deps

src/components/Predict/MultilabelTabularClassificationPredict.jsx
  Line 9:2:     'Statistic' is defined but never used               no-unused-vars
  Line 22:2:    'QuestionCircleOutlined' is defined but never used  no-unused-vars
  Line 49:9:    'statistics' is assigned a value but never used     no-unused-vars
  Line 611:15:  'isCorrect' is assigned a value but never used      no-unused-vars

src/components/Predict/TabularClassificationPredict.jsx
  Line 9:2:    'Statistic' is defined but never used                                                                                           no-unused-vars
  Line 22:2:   'QuestionCircleOutlined' is defined but never used                                                                              no-unused-vars
  Line 52:9:   'statistics' is assigned a value but never used                                                                                 no-unused-vars
  Line 329:5:  React Hook useEffect has a missing dependency: 'getPredictedClassColumnName'. Either include it or remove the dependency array  react-hooks/exhaustive-deps

src/components/Predict/TabularPredict.jsx
  Line 10:5:   'Badge' is defined but never used                      no-unused-vars
  Line 17:5:   'Pagination' is defined but never used                 no-unused-vars
  Line 18:5:   'Alert' is defined but never used                      no-unused-vars
  Line 34:5:   'ExclamationCircleOutlined' is defined but never used  no-unused-vars
  Line 40:22:  'Paragraph' is assigned a value but never used         no-unused-vars

src/components/Predict/TextPredict.jsx
  Line 2:23:  'useNavigate' is defined but never used  no-unused-vars

src/components/Toast.jsx
  Line 1:20:  'useState' is defined but never used  no-unused-vars

src/components/UpDataDeploy.jsx
  Line 1:42:   'Select' is defined but never used                            no-unused-vars
  Line 138:8:  'getLatestDownloadUrls' is assigned a value but never used    no-unused-vars
  Line 145:8:  'getLatestUploadPresigns' is assigned a value but never used  no-unused-vars

src/components/datasets/DatasetCard.jsx
  Line 14:10:  'DATASET_TYPES' is defined but never used  no-unused-vars

src/components/datasets/DatasetFilter.jsx
  Line 5:7:  'statusOptions' is assigned a value but never used  no-unused-vars

src/components/projects/ManualCreationModal.jsx
  Line 2:54:  'Tag' is defined but never used  no-unused-vars

src/components/ui/alert.jsx
  Line 36:3:  Headings must have content and the content must be accessible by a screen reader  jsx-a11y/heading-has-content

src/components/ui/card.jsx
  Line 26:3:  Headings must have content and the content must be accessible by a screen reader  jsx-a11y/heading-has-content

src/constants/clouldInstance.js
  Line 24:9:   'Step' is assigned a value but never used          no-unused-vars
  Line 26:9:   'Option' is assigned a value but never used        no-unused-vars
  Line 140:8:  'randomString' is assigned a value but never used  no-unused-vars
  Line 289:8:  'selectedGPU' is assigned a value but never used   no-unused-vars

src/hooks/useAuth.js
  Line 1:27:   'useEffect' is defined but never used                                                                                                    no-unused-vars
  Line 71:5:   React Hook useCallback has a missing dependency: 'verifyCookies'. Either include it or remove the dependency array                       react-hooks/exhaustive-deps
  Line 122:3:  React Hook useCallback has missing dependencies: 'verifyCookies' and 'writeCookies'. Either include them or remove the dependency array  react-hooks/exhaustive-deps
  Line 158:5:  React Hook useCallback has a missing dependency: 'cookies'. Either include it or remove the dependency array                             react-hooks/exhaustive-deps

src/hooks/useChatbot.js
  Line 72:8:    React Hook useEffect has a missing dependency: 'chatbotDisplay'. Either include it or remove the dependency array  react-hooks/exhaustive-deps
  Line 143:15:  'response' is assigned a value but never used                                                                      no-unused-vars

src/hooks/useDatasets.js
  Line 144:8:  React Hook useEffect has a missing dependency: 'startPolling'. Either include it or remove the dependency array  react-hooks/exhaustive-deps

src/hooks/useProjects.js
  Line 105:5:  React Hook useEffect has a missing dependency: 'applyFilters'. Either include it or remove the dependency array  react-hooks/exhaustive-deps
  Line 231:5:  React Hook useEffect has a missing dependency: 'getProjects'. Either include it or remove the dependency array   react-hooks/exhaustive-deps

src/hooks/useToastMessage.js
  Line 14:8:  'Toast' is assigned a value but never used  no-unused-vars

src/index.js
  Line 5:10:  'Router' is defined but never used   no-unused-vars
  Line 8:10:  'message' is defined but never used  no-unused-vars

src/layouts/RequireAuth.jsx
  Line 24:8:  React Hook useEffect has a missing dependency: 'refresh'. Either include it or remove the dependency array  react-hooks/exhaustive-deps

src/layouts/nonAuthed.jsx
  Line 25:5:  React Hook useEffect has a missing dependency: 'refresh'. Either include it or remove the dependency array  react-hooks/exhaustive-deps

src/pages/404/index.js
  Line 19:7:  img elements must have an alt prop, either with meaningful text, or an empty string for decorative images  jsx-a11y/alt-text
  Line 24:5:  img elements must have an alt prop, either with meaningful text, or an empty string for decorative images  jsx-a11y/alt-text

src/pages/admin/dashboard/index.jsx
  Line 10:2:  'Squares2X2Icon' is defined but never used                                                                     no-unused-vars
  Line 46:5:  React Hook useEffect has a missing dependency: 'fetchUsers'. Either include it or remove the dependency array  react-hooks/exhaustive-deps
  Line 94:9:  'now' is assigned a value but never used                                                                       no-unused-vars

src/pages/admin/user/index.jsx
  Line 5:2:   'getDatasetsByProjectId' is defined but never used                                                                no-unused-vars
  Line 17:2:  'ClockIcon' is defined but never used                                                                             no-unused-vars
  Line 31:9:  'error' is assigned a value but never used                                                                        no-unused-vars
  Line 60:5:  React Hook useEffect has a missing dependency: 'fetchUserData'. Either include it or remove the dependency array  react-hooks/exhaustive-deps

src/pages/datasets/CreateDatasetForm.jsx
  Line 13:5:    'Alert' is defined but never used                          no-unused-vars
  Line 16:56:   'InfoCircleOutlined' is defined but never used             no-unused-vars
  Line 18:25:   'createChunks' is defined but never used                   no-unused-vars
  Line 33:12:   'selectedUrlOption' is assigned a value but never used     no-unused-vars
  Line 33:31:   'setSelectedUrlOption' is assigned a value but never used  no-unused-vars
  Line 339:25:  Duplicate key 'background'                                 no-dupe-keys

src/pages/datasets/CreateDatasetModal.jsx
  Line 1:27:    'useRef' is defined but never used                     no-unused-vars
  Line 2:17:    'Steps' is defined but never used                      no-unused-vars
  Line 3:17:    'file' is defined but never used                       no-unused-vars
  Line 15:12:   'labelProjectData' is assigned a value but never used  no-unused-vars
  Line 41:84:   'description' is assigned a value but never used       no-unused-vars
  Line 41:97:   'taskType' is assigned a value but never used          no-unused-vars
  Line 138:19:  'fileTypes' is assigned a value but never used         no-unused-vars

src/pages/datasets/CreateLabelProjectForm.jsx
  Line 15:10:  'getDatasets' is defined but never used                                                                              no-unused-vars
  Line 16:10:  'TASK_TYPES' is defined but never used                                                                               no-unused-vars
  Line 79:5:   React Hook useEffect has a missing dependency: 'selectedTaskType'. Either include it or remove the dependency array  react-hooks/exhaustive-deps

src/pages/datasets/index.jsx
  Line 16:10:  'useDatasets' is defined but never used                                                                          no-unused-vars
  Line 23:10:  'usePollingStore' is defined but never used                                                                      no-unused-vars
  Line 165:5:  React Hook useEffect has a missing dependency: 'getDatasets'. Either include it or remove the dependency array   react-hooks/exhaustive-deps
  Line 177:5:  React Hook useEffect has a missing dependency: 'startPolling'. Either include it or remove the dependency array  react-hooks/exhaustive-deps

src/pages/demo/templates/AudioClassificationDemo.jsx
  Line 122:5:  React Hook useEffect has missing dependencies: 'isRecording' and 'stopRecording'. Either include them or remove the dependency array  react-hooks/exhaustive-deps

src/pages/demo/templates/ImageClassificationDemo.jsx
  Line 117:5:   React Hook useEffect has missing dependencies: 'stopCamera' and 'stream'. Either include them or remove the dependency array                                                                     react-hooks/exhaustive-deps
  Line 551:11:  Redundant alt attribute. Screen-readers already announce `img` tags as an image. You don’t need to use the words `image`, `photo,` or `picture` (or any specified custom words) in the alt prop  jsx-a11y/img-redundant-alt

src/pages/label/LabelView.jsx
  Line 4:2:   'Card' is defined but never used                        no-unused-vars
  Line 6:2:   'Tag' is defined but never used                         no-unused-vars
  Line 8:2:   'Space' is defined but never used                       no-unused-vars
  Line 11:2:  'Divider' is defined but never used                     no-unused-vars
  Line 13:2:  'Modal' is defined but never used                       no-unused-vars
  Line 14:2:  'Input' is defined but never used                       no-unused-vars
  Line 22:2:  'UndoOutlined' is defined but never used                no-unused-vars
  Line 23:2:  'RedoOutlined' is defined but never used                no-unused-vars
  Line 26:2:  'CheckOutlined' is defined but never used               no-unused-vars
  Line 71:9:  'editingAnnotation' is assigned a value but never used  no-unused-vars

src/pages/labels/card.jsx
  Line 2:35:  'Dropdown' is defined but never used                             no-unused-vars
  Line 2:45:  'Menu' is defined but never used                                 no-unused-vars
  Line 2:51:  'Tooltip' is defined but never used                              no-unused-vars
  Line 7:10:  'PATHS' is defined but never used                                no-unused-vars
  Line 13:9:  'REACT_APP_LABEL_STUDIO_URL' is assigned a value but never used  no-unused-vars
  Line 17:9:  'id' is assigned a value but never used                          no-unused-vars

src/pages/profile/index.jsx
  Line 27:22:  'Menu' is defined but never used                     no-unused-vars
  Line 27:36:  'Transition' is defined but never used               no-unused-vars
  Line 28:10:  'MagnifyingGlassIcon' is defined but never used      no-unused-vars
  Line 30:2:   'Bars3Icon' is defined but never used                no-unused-vars
  Line 37:2:   'XMarkIcon' is defined but never used                no-unused-vars
  Line 47:7:   'navigation' is assigned a value but never used      no-unused-vars
  Line 61:7:   'userNavigation' is assigned a value but never used  no-unused-vars

src/pages/project/build/deployView.jsx
  Line 1:27:   'useEffect' is defined but never used             no-unused-vars
  Line 1:38:   'useRef' is defined but never used                no-unused-vars
  Line 4:5:    'useOutletContext' is defined but never used      no-unused-vars
  Line 19:5:   'message' is defined but never used               no-unused-vars
  Line 29:10:  'validateFiles' is defined but never used         no-unused-vars
  Line 30:13:  'experimentAPI' is defined but never used         no-unused-vars
  Line 32:13:  'mlServiceAPI' is defined but never used          no-unused-vars
  Line 33:13:  'resourceAPI' is defined but never used           no-unused-vars
  Line 34:8:   'config' is defined but never used                no-unused-vars
  Line 68:13:  'theme' is assigned a value but never used        no-unused-vars
  Line 74:12:  'isDeploying' is assigned a value but never used  no-unused-vars

src/pages/project/build/labelData/labeling/LabelingImageClassification.jsx
  Line 52:5:    React Hook useEffect has a missing dependency: 'currentSavedLabel'. Either include it or remove the dependency array. You can also replace multiple useState variables with useReducer if 'setConfig' needs the current value of 'currentSavedLabel'                                            react-hooks/exhaustive-deps
  Line 151:18:  Assignments to the 'tempIndex' variable from inside React Hook useCallback will be lost after each render. To preserve the value over time, store it in a useRef Hook and keep the mutable value in the '.current' property. Otherwise, you can move this variable directly inside useCallback  react-hooks/exhaustive-deps
  Line 228:5:   React Hook useEffect has a missing dependency: 'getTask'. Either include it or remove the dependency array                                                                                                                                                                                      react-hooks/exhaustive-deps

src/pages/project/build/labelData/labeling/LabelingTextClassification.jsx
  Line 52:5:    React Hook useEffect has a missing dependency: 'currentSavedLabel'. Either include it or remove the dependency array. You can also replace multiple useState variables with useReducer if 'setConfig' needs the current value of 'currentSavedLabel'                                            react-hooks/exhaustive-deps
  Line 151:18:  Assignments to the 'tempIndex' variable from inside React Hook useCallback will be lost after each render. To preserve the value over time, store it in a useRef Hook and keep the mutable value in the '.current' property. Otherwise, you can move this variable directly inside useCallback  react-hooks/exhaustive-deps
  Line 228:5:   React Hook useEffect has a missing dependency: 'getTask'. Either include it or remove the dependency array                                                                                                                                                                                      react-hooks/exhaustive-deps

src/pages/project/build/selectInstance.jsx
  Line 3:5:     'useSearchParams' is defined but never used                                                                no-unused-vars
  Line 18:5:    'Steps' is defined but never used                                                                          no-unused-vars
  Line 21:5:    'Collapse' is defined but never used                                                                       no-unused-vars
  Line 24:5:    'Spin' is defined but never used                                                                           no-unused-vars
  Line 25:5:    'Modal' is defined but never used                                                                          no-unused-vars
  Line 29:5:    'CloudDownloadOutlined' is defined but never used                                                          no-unused-vars
  Line 30:5:    'SettingOutlined' is defined but never used                                                                no-unused-vars
  Line 31:5:    'RocketOutlined' is defined but never used                                                                 no-unused-vars
  Line 33:10:   'createInstance' is defined but never used                                                                 no-unused-vars
  Line 33:26:   'deleteInstance' is defined but never used                                                                 no-unused-vars
  Line 36:5:    'GPU_NAMES' is defined but never used                                                                      no-unused-vars
  Line 49:26:   'updateFields' is assigned a value but never used                                                          no-unused-vars
  Line 52:12:   'isLoading' is assigned a value but never used                                                             no-unused-vars
  Line 52:23:   'setIsLoading' is assigned a value but never used                                                          no-unused-vars
  Line 53:12:   'isCreatingInstance' is assigned a value but never used                                                    no-unused-vars
  Line 53:32:   'setIsCreatingInstance' is assigned a value but never used                                                 no-unused-vars
  Line 65:12:   'instanceInfo' is assigned a value but never used                                                          no-unused-vars
  Line 65:26:   'setInstanceInfo' is assigned a value but never used                                                       no-unused-vars
  Line 83:8:    React Hook useEffect has a missing dependency: 'sshKey'. Either include it or remove the dependency array  react-hooks/exhaustive-deps
  Line 203:15:  'experimentName' is assigned a value but never used                                                        no-unused-vars

src/pages/project/build/selectTargetCol.jsx
  Line 22:40:  'updateFields' is assigned a value but never used  no-unused-vars

src/pages/project/build/trainResult.jsx
  Line 8:5:     'Alert' is defined but never used                                                                                                                          no-unused-vars
  Line 19:5:    'HistoryOutlined' is defined but never used                                                                                                                no-unused-vars
  Line 20:5:    'CloudDownloadOutlined' is defined but never used                                                                                                          no-unused-vars
  Line 28:42:   'RechartsTooltip' is defined but never used                                                                                                                no-unused-vars
  Line 37:9:    'Title' is assigned a value but never used                                                                                                                 no-unused-vars
  Line 37:16:   'Text' is assigned a value but never used                                                                                                                  no-unused-vars
  Line 143:26:  'trainingInfo' is assigned a value but never used                                                                                                          no-unused-vars
  Line 143:40:  'elapsedTime' is assigned a value but never used                                                                                                           no-unused-vars
  Line 249:8:   React Hook useEffect has missing dependencies: 'experimentId', 'experimentName', and 'projectInfo.id'. Either include them or remove the dependency array  react-hooks/exhaustive-deps

src/pages/project/build/training.jsx
  Line 7:2:     'Col' is defined but never used                                                                                                                                                                                                                               no-unused-vars
  Line 11:2:    'Progress' is defined but never used                                                                                                                                                                                                                          no-unused-vars
  Line 12:2:    'Divider' is defined but never used                                                                                                                                                                                                                           no-unused-vars
  Line 19:2:    'Modal' is defined but never used                                                                                                                                                                                                                             no-unused-vars
  Line 25:2:    'InfoCircleOutlined' is defined but never used                                                                                                                                                                                                                no-unused-vars
  Line 260:8:   'timeProgress' is assigned a value but never used                                                                                                                                                                                                             no-unused-vars
  Line 263:8:   'getProgressStatus' is assigned a value but never used                                                                                                                                                                                                        no-unused-vars
  Line 347:23:  'updateFields' is assigned a value but never used                                                                                                                                                                                                             no-unused-vars
  Line 477:5:   React Hook useEffect has a missing dependency: 'settingUpProgress.length'. Either include it or remove the dependency array                                                                                                                                   react-hooks/exhaustive-deps
  Line 552:5:   React Hook useEffect has missing dependencies: 'experimentName' and 'status'. Either include them or remove the dependency array. You can also replace multiple useState variables with useReducer if 'setTrainProgress' needs the current value of 'status'  react-hooks/exhaustive-deps

src/pages/project/build/uploadData.jsx
  Line 11:10:  'PATHS' is defined but never used                                                                                 no-unused-vars
  Line 16:2:   'CardDescription' is defined but never used                                                                       no-unused-vars
  Line 152:7:  'SortIcon' is assigned a value but never used                                                                     no-unused-vars
  Line 311:5:  React Hook useEffect has a missing dependency: 'fetchProjects'. Either include it or remove the dependency array  react-hooks/exhaustive-deps
  Line 390:8:  'showModal' is assigned a value but never used                                                                    no-unused-vars
  Line 440:8:  'isSelectedProjectLabeled' is assigned a value but never used                                                     no-unused-vars

src/pages/project/deploy/card.jsx
  Line 3:10:  'useTheme' is defined but never used  no-unused-vars

Search for the keywords to learn more about each warning.
To ignore, add // eslint-disable-next-line to the line before.

File sizes after gzip:

  1.02 MB   build/static/js/main.d3ee5d34.js
  25.31 kB  build/static/css/main.1d79b39d.css

The bundle size is significantly larger than recommended.
Consider reducing it with code splitting: https://goo.gl/9VhYWB
You can also analyze the project dependencies: https://goo.gl/LeUzfb

The project was built assuming it is hosted at /.
You can control this with the homepage field in your package.json.

The build folder is ready to be deployed.
You may serve it with a static server:

  npm install -g serve
  serve -s build

Find out more about deployment here:

  https://cra.link/deployment

